#! /c/Source/iverilog-install/bin/vvp
:ivl_version "12.0 (devel)" "(s20150603-1539-g2693dd32b)";
:ivl_delay_selection "TYPICAL";
:vpi_time_precision + 0;
:vpi_module "C:\iverilog\lib\ivl\system.vpi";
:vpi_module "C:\iverilog\lib\ivl\vhdl_sys.vpi";
:vpi_module "C:\iverilog\lib\ivl\vhdl_textio.vpi";
:vpi_module "C:\iverilog\lib\ivl\v2005_math.vpi";
:vpi_module "C:\iverilog\lib\ivl\va_math.vpi";
S_0000017c6e40ba60 .scope module, "test_bench" "test_bench" 2 1;
 .timescale 0 0;
v0000017c6e454630_0 .var "a", 0 0;
v0000017c6e4546d0_0 .var "b", 0 0;
v0000017c6e454770_0 .net "yand", 0 0, v0000017c6e40e030_0;  1 drivers
v0000017c6e444810_0 .net "ynand", 0 0, v0000017c6e454450_0;  1 drivers
v0000017c6e4448b0_0 .net "ynor", 0 0, v0000017c6e4544f0_0;  1 drivers
v0000017c6e49e130_0 .net "yor", 0 0, v0000017c6e454590_0;  1 drivers
S_0000017c6e40bbf0 .scope module, "dut" "all_gates" 2 5, 3 1 0, S_0000017c6e40ba60;
 .timescale 0 0;
    .port_info 0 /INPUT 1 "a";
    .port_info 1 /INPUT 1 "b";
    .port_info 2 /OUTPUT 1 "yand";
    .port_info 3 /OUTPUT 1 "yor";
    .port_info 4 /OUTPUT 1 "ynand";
    .port_info 5 /OUTPUT 1 "ynor";
v0000017c6e40def0_0 .net "a", 0 0, v0000017c6e454630_0;  1 drivers
v0000017c6e40df90_0 .net "b", 0 0, v0000017c6e4546d0_0;  1 drivers
v0000017c6e40e030_0 .var "yand", 0 0;
v0000017c6e454450_0 .var "ynand", 0 0;
v0000017c6e4544f0_0 .var "ynor", 0 0;
v0000017c6e454590_0 .var "yor", 0 0;
E_0000017c6e458fa0 .event anyedge, v0000017c6e40df90_0, v0000017c6e40def0_0;
S_0000017c6e40dcc0 .scope function.vec4.s1, "mux_2x1" "mux_2x1" 3 11, 3 11 0, S_0000017c6e40bbf0;
 .timescale 0 0;
v0000017c6e40a4e0_0 .var "i0", 0 0;
v0000017c6e422c30_0 .var "i1", 0 0;
; Variable mux_2x1 is vec4 return value of scope S_0000017c6e40dcc0
v0000017c6e40de50_0 .var "s", 0 0;
TD_test_bench.dut.mux_2x1 ;
    %load/vec4 v0000017c6e40de50_0;
    %inv;
    %load/vec4 v0000017c6e40a4e0_0;
    %and;
    %load/vec4 v0000017c6e40de50_0;
    %load/vec4 v0000017c6e422c30_0;
    %and;
    %or;
    %ret/vec4 0, 0, 1;  Assign to mux_2x1 (store_vec4_to_lval)
    %end;
    .scope S_0000017c6e40bbf0;
T_1 ;
    %wait E_0000017c6e458fa0;
    %pushi/vec4 0, 0, 1;
    %load/vec4 v0000017c6e40df90_0;
    %load/vec4 v0000017c6e40def0_0;
    %store/vec4 v0000017c6e40de50_0, 0, 1;
    %store/vec4 v0000017c6e422c30_0, 0, 1;
    %store/vec4 v0000017c6e40a4e0_0, 0, 1;
    %callf/vec4 TD_test_bench.dut.mux_2x1, S_0000017c6e40dcc0;
    %store/vec4 v0000017c6e40e030_0, 0, 1;
    %jmp T_1;
    .thread T_1, $push;
    .scope S_0000017c6e40bbf0;
T_2 ;
    %wait E_0000017c6e458fa0;
    %pushi/vec4 0, 0, 1;
    %load/vec4 v0000017c6e40df90_0;
    %load/vec4 v0000017c6e40def0_0;
    %store/vec4 v0000017c6e40de50_0, 0, 1;
    %store/vec4 v0000017c6e422c30_0, 0, 1;
    %store/vec4 v0000017c6e40a4e0_0, 0, 1;
    %callf/vec4 TD_test_bench.dut.mux_2x1, S_0000017c6e40dcc0;
    %load/vec4 v0000017c6e40df90_0;
    %or;
    %store/vec4 v0000017c6e454590_0, 0, 1;
    %jmp T_2;
    .thread T_2, $push;
    .scope S_0000017c6e40bbf0;
T_3 ;
    %wait E_0000017c6e458fa0;
    %pushi/vec4 0, 0, 1;
    %load/vec4 v0000017c6e40df90_0;
    %load/vec4 v0000017c6e40def0_0;
    %store/vec4 v0000017c6e40de50_0, 0, 1;
    %store/vec4 v0000017c6e422c30_0, 0, 1;
    %store/vec4 v0000017c6e40a4e0_0, 0, 1;
    %callf/vec4 TD_test_bench.dut.mux_2x1, S_0000017c6e40dcc0;
    %inv;
    %store/vec4 v0000017c6e454450_0, 0, 1;
    %jmp T_3;
    .thread T_3, $push;
    .scope S_0000017c6e40bbf0;
T_4 ;
    %wait E_0000017c6e458fa0;
    %pushi/vec4 0, 0, 1;
    %load/vec4 v0000017c6e40df90_0;
    %load/vec4 v0000017c6e40def0_0;
    %store/vec4 v0000017c6e40de50_0, 0, 1;
    %store/vec4 v0000017c6e422c30_0, 0, 1;
    %store/vec4 v0000017c6e40a4e0_0, 0, 1;
    %callf/vec4 TD_test_bench.dut.mux_2x1, S_0000017c6e40dcc0;
    %inv;
    %load/vec4 v0000017c6e40df90_0;
    %or;
    %store/vec4 v0000017c6e4544f0_0, 0, 1;
    %jmp T_4;
    .thread T_4, $push;
    .scope S_0000017c6e40ba60;
T_5 ;
    %vpi_call 2 15 "$monitor", "a=%b b=%b | yand=%b, yor=%b, ynand=%b, ynor=%b", v0000017c6e454630_0, v0000017c6e4546d0_0, v0000017c6e454770_0, v0000017c6e49e130_0, v0000017c6e444810_0, v0000017c6e4448b0_0 {0 0 0};
    %pushi/vec4 0, 0, 1;
    %store/vec4 v0000017c6e454630_0, 0, 1;
    %pushi/vec4 0, 0, 1;
    %store/vec4 v0000017c6e4546d0_0, 0, 1;
    %delay 2, 0;
    %pushi/vec4 0, 0, 1;
    %store/vec4 v0000017c6e454630_0, 0, 1;
    %pushi/vec4 1, 0, 1;
    %store/vec4 v0000017c6e4546d0_0, 0, 1;
    %delay 2, 0;
    %pushi/vec4 1, 0, 1;
    %store/vec4 v0000017c6e454630_0, 0, 1;
    %pushi/vec4 0, 0, 1;
    %store/vec4 v0000017c6e4546d0_0, 0, 1;
    %delay 2, 0;
    %pushi/vec4 1, 0, 1;
    %store/vec4 v0000017c6e454630_0, 0, 1;
    %pushi/vec4 1, 0, 1;
    %store/vec4 v0000017c6e4546d0_0, 0, 1;
    %delay 2, 0;
    %end;
    .thread T_5;
# The file index is used to find the file name in the following table.
:file_names 4;
    "N/A";
    "<interactive>";
    "all_logic_gates_using_mux2x1_tb.v";
    "all_logic_gates_using_mux2x1.v";
